// Jest Snapshot v1, https://goo.gl/fbAQLP

exports[`Products Component Snapshot Products 1`] = `
<div
  className="home-latest"
/>
`;
